◇ injected env (9) from .env // tip: ⌘ multiple files { path: ['.env.local', '.env'] }
{"ts":"2026-08-24T22:08:44.437Z","level":"info","service":"portfolio-api","message":"Connected to MongoDB database: portfolio_db"}
{"ts":"2026-08-24T22:08:44.785Z","level":"info","service":"portfolio-api","message":"Connected to MongoDB with 26 collections."}
{"ts":"2026-08-24T22:08:44.788Z","level":"info","service":"portfolio-api","message":"Server running on port 5000","meta":{"environment":"development"}}
{"ts":"2026-08-24T22:08:51.493Z","level":"info","service":"portfolio-api","message":"request","meta":{"method":"GET","path":"/about","status":200}}
{"ts":"2026-08-24T22:09:22.141Z","level":"info","service":"portfolio-api","message":"request","meta":{"method":"GET","path":"/api/about","status":200}}
{"ts":"2026-08-24T22:09:22.144Z","level":"info","service":"portfolio-api","message":"request","meta":{"method":"GET","path":"/api/settings","status":200}}
{"ts":"2026-08-24T22:09:25.907Z","level":"info","service":"portfolio-api","message":"request","meta":{"method":"GET","path":"/admin/about","status":200}}
{"ts":"2026-08-24T22:09:26.110Z","level":"info","service":"portfolio-api","message":"request","meta":{"method":"GET","path":"/assets/index-BVLxtV1k.js","status":200}}
{"ts":"2026-08-24T22:09:26.112Z","level":"info","service":"portfolio-api","message":"request","meta":{"method":"GET","path":"/assets/react-C86NAiLM.js","status":200}}
{"ts":"2026-08-24T22:09:26.118Z","level":"info","service":"portfolio-api","message":"request","meta":{"method":"GET","path":"/assets/index-CvZ6_m_i.css","status":200}}
{"ts":"2026-08-24T22:09:26.120Z","level":"info","service":"portfolio-api","message":"request","meta":{"method":"GET","path":"/assets/three-DrKEAGYb.js","status":200}}
{"ts":"2026-08-24T22:09:26.162Z","level":"info","service":"portfolio-api","message":"request","meta":{"method":"GET","path":"/api/auth/me","status":200}}
{"ts":"2026-08-24T22:09:26.169Z","level":"info","service":"portfolio-api","message":"request","meta":{"method":"GET","path":"/api/settings","status":200}}
{"ts":"2026-08-24T22:09:26.171Z","level":"info","service":"portfolio-api","message":"request","meta":{"method":"GET","path":"/favicon.svg","status":200}}
{"ts":"2026-08-24T22:09:26.367Z","level":"info","service":"portfolio-api","message":"request","meta":{"method":"GET","path":"/api/about","status":200}}
{"ts":"2026-08-24T22:09:26.370Z","level":"info","service":"portfolio-api","message":"request","meta":{"method":"GET","path":"/api/settings","status":200}}
{"ts":"2026-08-24T22:09:32.074Z","level":"info","service":"portfolio-api","message":"request","meta":{"method":"GET","path":"/api/media","status":200}}
{"ts":"2026-08-24T22:09:35.514Z","level":"info","service":"portfolio-api","message":"request","meta":{"method":"GET","path":"/api/about","status":200}}
{"ts":"2026-08-24T22:09:35.516Z","level":"info","service":"portfolio-api","message":"request","meta":{"method":"GET","path":"/api/settings","status":200}}
{"ts":"2026-08-24T22:09:38.498Z","level":"info","service":"portfolio-api","message":"request","meta":{"method":"GET","path":"/admin/about","status":200}}
{"ts":"2026-08-24T22:09:38.699Z","level":"info","service":"portfolio-api","message":"request","meta":{"method":"GET","path":"/assets/index-BVLxtV1k.js","status":200}}
{"ts":"2026-08-24T22:09:38.701Z","level":"info","service":"portfolio-api","message":"request","meta":{"method":"GET","path":"/assets/three-DrKEAGYb.js","status":200}}
{"ts":"2026-08-24T22:09:38.702Z","level":"info","service":"portfolio-api","message":"request","meta":{"method":"GET","path":"/assets/react-C86NAiLM.js","status":200}}
{"ts":"2026-08-24T22:09:38.703Z","level":"info","service":"portfolio-api","message":"request","meta":{"method":"GET","path":"/assets/index-CvZ6_m_i.css","status":200}}
{"ts":"2026-08-24T22:09:38.740Z","level":"info","service":"portfolio-api","message":"request","meta":{"method":"GET","path":"/api/auth/me","status":200}}
{"ts":"2026-08-24T22:09:38.743Z","level":"info","service":"portfolio-api","message":"request","meta":{"method":"GET","path":"/api/settings","status":200}}
{"ts":"2026-08-24T22:09:38.744Z","level":"info","service":"portfolio-api","message":"request","meta":{"method":"GET","path":"/favicon.svg","status":200}}
{"ts":"2026-08-24T22:09:38.944Z","level":"info","service":"portfolio-api","message":"request","meta":{"method":"GET","path":"/api/about","status":200}}
{"ts":"2026-08-24T22:09:38.946Z","level":"info","service":"portfolio-api","message":"request","meta":{"method":"GET","path":"/api/settings","status":200}}
{"ts":"2026-08-24T22:09:42.197Z","level":"info","service":"portfolio-api","message":"request","meta":{"method":"GET","path":"/api/about","status":200}}
{"ts":"2026-08-24T22:09:42.198Z","level":"info","service":"portfolio-api","message":"request","meta":{"method":"GET","path":"/api/settings","status":200}}
{"ts":"2026-08-24T22:09:42.865Z","level":"info","service":"portfolio-api","message":"request","meta":{"method":"GET","path":"/api/settings","status":200}}
{"ts":"2026-08-24T22:09:42.868Z","level":"info","service":"portfolio-api","message":"request","meta":{"method":"GET","path":"/api/about","status":200}}
{"ts":"2026-08-24T22:09:44.112Z","level":"info","service":"portfolio-api","message":"request","meta":{"method":"GET","path":"/api/about","status":200}}
{"ts":"2026-08-24T22:09:45.657Z","level":"info","service":"portfolio-api","message":"request","meta":{"method":"GET","path":"/api/about","status":200}}
{"ts":"2026-08-24T22:09:45.659Z","level":"info","service":"portfolio-api","message":"request","meta":{"method":"GET","path":"/api/settings","status":200}}
{"ts":"2026-08-24T22:09:48.385Z","level":"info","service":"portfolio-api","message":"request","meta":{"method":"GET","path":"/admin/about","status":200}}
{"ts":"2026-08-24T22:09:48.587Z","level":"info","service":"portfolio-api","message":"request","meta":{"method":"GET","path":"/assets/index-BVLxtV1k.js","status":200}}
{"ts":"2026-08-24T22:09:48.590Z","level":"info","service":"portfolio-api","message":"request","meta":{"method":"GET","path":"/assets/react-C86NAiLM.js","status":200}}
{"ts":"2026-08-24T22:09:48.591Z","level":"info","service":"portfolio-api","message":"request","meta":{"method":"GET","path":"/assets/index-CvZ6_m_i.css","status":200}}
{"ts":"2026-08-24T22:09:48.592Z","level":"info","service":"portfolio-api","message":"request","meta":{"method":"GET","path":"/assets/three-DrKEAGYb.js","status":200}}
{"ts":"2026-08-24T22:09:48.633Z","level":"info","service":"portfolio-api","message":"request","meta":{"method":"GET","path":"/api/auth/me","status":200}}
{"ts":"2026-08-24T22:09:48.634Z","level":"info","service":"portfolio-api","message":"request","meta":{"method":"GET","path":"/api/settings","status":200}}
{"ts":"2026-08-24T22:09:48.635Z","level":"info","service":"portfolio-api","message":"request","meta":{"method":"GET","path":"/favicon.svg","status":200}}
{"ts":"2026-08-24T22:09:48.831Z","level":"info","service":"portfolio-api","message":"request","meta":{"method":"GET","path":"/api/about","status":200}}
{"ts":"2026-08-24T22:09:48.832Z","level":"info","service":"portfolio-api","message":"request","meta":{"method":"GET","path":"/api/settings","status":200}}
{"ts":"2026-08-24T22:09:52.732Z","level":"info","service":"portfolio-api","message":"request","meta":{"method":"GET","path":"/assets/index-CvZ6_m_i.css","status":200}}
{"ts":"2026-08-24T22:09:52.766Z","level":"info","service":"portfolio-api","message":"request","meta":{"method":"GET","path":"/.well-known/appspecific/com.chrome.devtools.json","status":200}}
{"ts":"2026-08-24T22:09:55.695Z","level":"info","service":"portfolio-api","message":"request","meta":{"method":"GET","path":"/admin/about","status":200}}
{"ts":"2026-08-24T22:09:55.904Z","level":"info","service":"portfolio-api","message":"request","meta":{"method":"GET","path":"/assets/index-BVLxtV1k.js","status":200}}
{"ts":"2026-08-24T22:09:55.905Z","level":"info","service":"portfolio-api","message":"request","meta":{"method":"GET","path":"/assets/react-C86NAiLM.js","status":200}}
{"ts":"2026-08-24T22:09:55.906Z","level":"info","service":"portfolio-api","message":"request","meta":{"method":"GET","path":"/assets/three-DrKEAGYb.js","status":200}}
{"ts":"2026-08-24T22:09:55.910Z","level":"info","service":"portfolio-api","message":"request","meta":{"method":"GET","path":"/assets/index-CvZ6_m_i.css","status":200}}
{"ts":"2026-08-24T22:09:55.935Z","level":"info","service":"portfolio-api","message":"request","meta":{"method":"GET","path":"/.well-known/appspecific/com.chrome.devtools.json","status":200}}
{"ts":"2026-08-24T22:09:55.968Z","level":"info","service":"portfolio-api","message":"request","meta":{"method":"GET","path":"/api/auth/me","status":200}}
{"ts":"2026-08-24T22:09:55.971Z","level":"info","service":"portfolio-api","message":"request","meta":{"method":"GET","path":"/api/settings","status":200}}
{"ts":"2026-08-24T22:09:55.976Z","level":"info","service":"portfolio-api","message":"request","meta":{"method":"GET","path":"/favicon.svg","status":200}}
{"ts":"2026-08-24T22:09:57.408Z","level":"info","service":"portfolio-api","message":"request","meta":{"method":"GET","path":"/api/about","status":200}}
{"ts":"2026-08-24T22:09:57.409Z","level":"info","service":"portfolio-api","message":"request","meta":{"method":"GET","path":"/api/settings","status":200}}
{"ts":"2026-08-24T22:10:04.174Z","level":"info","service":"portfolio-api","message":"request","meta":{"method":"GET","path":"/api/about","status":200}}
{"ts":"2026-08-24T22:10:04.176Z","level":"info","service":"portfolio-api","message":"request","meta":{"method":"GET","path":"/api/settings","status":200}}
